2025-10-31 15:44:01,316 - __main__ - INFO - 飞书API客户端初始化成功
2025-10-31 15:44:13,712 - __main__ - INFO - 生成授权URL成功: https://accounts.feishu.cn/open-apis/authen/v1/authorize?client_id=cli_a74daa9319ff500c&response_type=code&redirect_uri=http://localhost:8080/callback&scope=auth:user.id:read offline_access&state=auth_1761896653
2025-10-31 15:47:23,894 - __main__ - INFO - 开始获取用户访问令牌...
2025-10-31 15:47:23,987 - __main__ - ERROR - 获取用户访问令牌失败: 未知错误
2025-10-31 15:47:23,988 - __main__ - ERROR - 获取用户访问令牌时发生异常: 获取用户访问令牌失败: 未知错误
2025-10-31 15:47:23,989 - __main__ - ERROR - 获取用户访问令牌过程中发生错误: 获取用户访问令牌失败: 未知错误
2025-10-31 15:47:29,555 - __main__ - INFO - 飞书API客户端初始化成功
2025-10-31 15:47:50,844 - __main__ - INFO - 生成授权URL成功: https://accounts.feishu.cn/open-apis/authen/v1/authorize?client_id=cli_a74daa9319ff500c&response_type=code&redirect_uri=https://accounts.feishu.cn/open-apis/authen/v1/authorize?client_id=cli_a74daa9319ff500c&response_type=code&redirect_uri=http://47.103.77.140/cgi-bin/larks/redirect&scope=bitable:app:readonly%20contact:contact&state=RANDOMSTRING&scope=auth:user.id:read offline_access&state=auth_1761896870
2025-10-31 16:00:10,325 - __main__ - INFO - 开始获取用户访问令牌...
2025-10-31 16:00:10,431 - __main__ - ERROR - 获取用户访问令牌失败: 未知错误
2025-10-31 16:00:10,432 - __main__ - ERROR - 获取用户访问令牌时发生异常: 获取用户访问令牌失败: 未知错误
2025-10-31 16:00:10,432 - __main__ - ERROR - 获取用户访问令牌过程中发生错误: 获取用户访问令牌失败: 未知错误
2025-10-31 16:00:14,472 - __main__ - INFO - 飞书API客户端初始化成功
2025-10-31 16:00:36,183 - __main__ - INFO - 生成授权URL成功: https://accounts.feishu.cn/open-apis/authen/v1/authorize?client_id=cli_a74daa9319ff500c&response_type=code&redirect_uri=http://localhost:8080/callback&scope=auth:user.id:read offline_access&state=auth_1761897636
2025-10-31 16:08:50,334 - __main__ - INFO - 开始获取用户访问令牌...
2025-10-31 16:08:50,740 - __main__ - ERROR - 获取用户访问令牌失败: 未知错误
2025-10-31 16:08:50,740 - __main__ - ERROR - 获取用户访问令牌时发生异常: 获取用户访问令牌失败: 未知错误
2025-10-31 16:08:50,740 - __main__ - ERROR - 获取用户访问令牌过程中发生错误: 获取用户访问令牌失败: 未知错误
2025-10-31 16:08:53,012 - __main__ - INFO - 飞书API客户端初始化成功
2025-10-31 16:09:03,763 - __main__ - INFO - 生成授权URL成功: https://accounts.feishu.cn/open-apis/authen/v1/authorize?client_id=cli_a74daa9319ff500c&response_type=code&redirect_uri=http://47.103.77.140/cgi-bin/larks/redirect&scope=bitable:app:readonly%20contact:contact&state=RANDOMSTRING&scope=auth:user.id:read offline_access&state=auth_1761898143
2025-10-31 16:16:17,625 - __main__ - INFO - 开始获取用户访问令牌...
2025-10-31 16:16:17,758 - __main__ - ERROR - 获取用户访问令牌失败: 未知错误
2025-10-31 16:16:17,759 - __main__ - ERROR - 获取用户访问令牌时发生异常: 获取用户访问令牌失败: 未知错误
2025-10-31 16:16:17,759 - __main__ - ERROR - 获取用户访问令牌过程中发生错误: 获取用户访问令牌失败: 未知错误
2025-10-31 16:16:19,716 - __main__ - INFO - 飞书API客户端初始化成功
2025-10-31 16:16:32,412 - __main__ - INFO - 生成授权URL成功: https://accounts.feishu.cn/open-apis/authen/v1/authorize?client_id=cli_a74daa9319ff500c&response_type=code&redirect_uri=https://open.feishu.cn/api-explorer/loading&scope=auth:user.id:read offline_access&state=auth_1761898592
2025-10-31 16:17:13,154 - __main__ - INFO - 开始获取用户访问令牌...
2025-10-31 16:17:13,305 - __main__ - INFO - 获取用户访问令牌成功
2025-10-31 16:19:58,951 - __main__ - ERROR - 获取用户访问令牌过程中发生错误: APP_ID必须通过环境变量设置
2025-10-31 16:20:07,536 - __main__ - ERROR - 获取用户访问令牌过程中发生错误: APP_ID必须通过环境变量设置
2025-10-31 16:20:20,505 - __main__ - ERROR - 获取用户访问令牌过程中发生错误: APP_ID必须通过环境变量设置
2025-10-31 16:20:34,139 - __main__ - ERROR - 获取用户访问令牌过程中发生错误: APP_ID必须通过环境变量设置
2025-10-31 16:21:44,094 - __main__ - ERROR - 获取用户访问令牌过程中发生错误: APP_ID必须通过环境变量设置
2025-10-31 16:22:05,516 - __main__ - ERROR - 获取用户访问令牌过程中发生错误: APP_ID必须通过环境变量设置
2025-10-31 16:23:35,867 - __main__ - ERROR - 获取用户访问令牌过程中发生错误: APP_ID必须通过环境变量设置
2025-10-31 16:25:41,439 - __main__ - ERROR - 获取用户访问令牌过程中发生错误: APP_ID必须通过环境变量设置
2025-10-31 16:31:09,082 - __main__ - ERROR - 获取用户访问令牌过程中发生错误: APP_ID必须通过环境变量设置
2025-10-31 16:33:18,873 - __main__ - ERROR - 获取用户访问令牌过程中发生错误: APP_ID必须通过环境变量设置
2025-10-31 16:33:24,268 - __main__ - ERROR - 获取用户访问令牌过程中发生错误: APP_ID必须通过环境变量设置
2025-10-31 16:33:32,380 - __main__ - INFO - 使用的回调地址: https://open.feishu.cn/api-explorer/loading
2025-10-31 16:33:32,380 - __main__ - INFO - 飞书API客户端初始化成功
2025-10-31 16:33:44,730 - __main__ - INFO - 生成授权URL成功: https://accounts.feishu.cn/open-apis/authen/v1/authorize?client_id=None&response_type=code&redirect_uri=https://open.feishu.cn/api-explorer/loading&scope=auth:user.id:read offline_access&state=auth_1761899624
2025-10-31 16:35:21,348 - get_information - INFO - 使用的回调地址: https://open.feishu.cn/api-explorer/loading
2025-10-31 16:35:21,348 - get_information - INFO - 飞书API客户端初始化成功
2025-10-31 16:35:21,348 - get_information - INFO - 生成授权URL成功: https://accounts.feishu.cn/open-apis/authen/v1/authorize?client_id=None&response_type=code&redirect_uri=https://open.feishu.cn/api-explorer/loading&scope=auth:user.id:read
2025-10-31 16:36:33,640 - get_information - INFO - 环境变量检查: FEISHU_APP_ID=None
2025-10-31 16:36:33,640 - get_information - INFO - 环境变量检查: APP_ID=None
2025-10-31 16:36:33,640 - get_information - INFO - 环境变量检查: FEISHU_APP_SECRET=None
2025-10-31 16:36:33,641 - get_information - INFO - 环境变量检查: APP_SECRET=None
2025-10-31 16:38:00,323 - __main__ - ERROR - 获取用户访问令牌过程中发生错误: APP_ID或FEISHU_APP_ID必须通过环境变量设置
2025-10-31 16:39:28,727 - __main__ - ERROR - 获取用户访问令牌过程中发生错误: APP_ID或FEISHU_APP_ID必须通过环境变量设置
2025-10-31 16:39:43,439 - __main__ - INFO - 最终使用的app_id: cli_a74daa9319ff500c
2025-10-31 16:39:43,439 - __main__ - INFO - 使用的回调地址: https://open.feishu.cn/api-explorer/loading
2025-10-31 16:39:43,440 - __main__ - INFO - 飞书API客户端初始化成功
2025-10-31 16:39:47,382 - __main__ - INFO - 生成授权URL成功: https://accounts.feishu.cn/open-apis/authen/v1/authorize?client_id=cli_a74daa9319ff500c&response_type=code&redirect_uri=https://open.feishu.cn/api-explorer/loading&scope=auth:user.id:read offline_access&state=auth_1761899987
2025-10-31 16:40:04,641 - __main__ - INFO - 开始获取用户访问令牌...
2025-10-31 16:40:04,769 - __main__ - INFO - 获取用户访问令牌成功
2025-10-31 16:59:07,800 - __main__ - INFO - 最终使用的app_id: cli_a74daa9319ff500c
2025-10-31 16:59:07,801 - __main__ - INFO - 使用的回调地址: https://open.feishu.cn/api-explorer/loading
2025-10-31 16:59:07,801 - __main__ - INFO - 飞书API客户端初始化成功
2025-10-31 16:59:12,521 - __main__ - INFO - 生成授权URL成功: https://accounts.feishu.cn/open-apis/authen/v1/authorize?client_id=cli_a74daa9319ff500c&response_type=code&redirect_uri=https://open.feishu.cn/api-explorer/loading&scope=auth:user.id:read offline_access&state=auth_1761901152
2025-10-31 17:06:59,001 - __main__ - INFO - 开始获取用户访问令牌...
2025-10-31 17:06:59,112 - __main__ - ERROR - 获取用户访问令牌失败: 未知错误
2025-10-31 17:06:59,112 - __main__ - ERROR - 获取用户访问令牌时发生异常: 获取用户访问令牌失败: 未知错误
2025-10-31 17:06:59,112 - __main__ - ERROR - 获取用户访问令牌过程中发生错误: 获取用户访问令牌失败: 未知错误
2025-10-31 17:07:01,862 - __main__ - INFO - 最终使用的app_id: cli_a74daa9319ff500c
2025-10-31 17:07:01,863 - __main__ - INFO - 使用的回调地址: https://open.feishu.cn/api-explorer/loading
2025-10-31 17:07:01,863 - __main__ - INFO - 飞书API客户端初始化成功
2025-10-31 17:07:04,001 - __main__ - INFO - 生成授权URL成功: https://accounts.feishu.cn/open-apis/authen/v1/authorize?client_id=cli_a74daa9319ff500c&response_type=code&redirect_uri=https://open.feishu.cn/api-explorer/loading&scope=auth:user.id:read offline_access&state=auth_1761901624
2025-10-31 17:07:22,517 - __main__ - INFO - 开始获取用户访问令牌...
2025-10-31 17:07:22,630 - __main__ - INFO - 获取用户访问令牌成功
